[1m[92m    Updating[0m crates.io index
[1m[92m     Locking[0m 134 packages to latest compatible versions
[1m[92m      Adding[0m criterion v0.5.1 [1m[33m(available: v0.8.2)[0m
[1m[92m      Adding[0m html5ever v0.39.0 [1m[33m(available: v0.40.0)[0m
[1m[92m Downloading[0m crates ...
[1m[92m  Downloaded[0m cast v0.3.0
[1m[92m  Downloaded[0m cssparser-macros v0.6.1
[1m[92m  Downloaded[0m ciborium-io v0.2.2
[1m[92m  Downloaded[0m dtoa-short v0.3.5
[1m[92m  Downloaded[0m ciborium-ll v0.2.2
[1m[92m  Downloaded[0m clap_lex v1.1.0
[1m[92m  Downloaded[0m cfg-if v1.0.4
[1m[92m  Downloaded[0m adler2 v2.0.1
[1m[92m  Downloaded[0m addr2line v0.25.1
[1m[92m  Downloaded[0m plotters-backend v0.3.7
[1m[92m  Downloaded[0m multiversion_no_op v1.0.0
[1m[92m  Downloaded[0m equivalent v1.0.2
[1m[92m  Downloaded[0m is-terminal v0.4.17
[1m[92m  Downloaded[0m phf_shared v0.13.1
[1m[92m  Downloaded[0m rustc-hash v2.1.3
[1m[92m  Downloaded[0m mintex v0.1.4
[1m[92m  Downloaded[0m scopeguard v1.2.0
[1m[92m  Downloaded[0m phf_generator v0.13.1
[1m[92m  Downloaded[0m phf_codegen v0.13.1
[1m[92m  Downloaded[0m mime v0.3.17
[1m[92m  Downloaded[0m string_cache_codegen v0.6.1
[1m[92m  Downloaded[0m siphasher v1.0.3
[1m[92m  Downloaded[0m new_debug_unreachable v1.0.6
[1m[92m  Downloaded[0m precomputed-hash v0.1.1
[1m[92m  Downloaded[0m lazy_static v1.5.0
[1m[92m  Downloaded[0m same-file v1.0.6
[1m[92m  Downloaded[0m stable_deref_trait v1.2.1
[1m[92m  Downloaded[0m plotters-svg v0.3.7
[1m[92m  Downloaded[0m rustc-hash v1.1.0
[1m[92m  Downloaded[0m criterion-plot v0.5.0
[1m[92m  Downloaded[0m dtoa v1.0.11
[1m[92m  Downloaded[0m phf_macros v0.13.1
[1m[92m  Downloaded[0m oorandom v11.1.5
[1m[92m  Downloaded[0m thiserror v2.0.20
[1m[92m  Downloaded[0m smallvec v1.16.1
[1m[92m  Downloaded[0m crossbeam-deque v0.8.8
[1m[92m  Downloaded[0m crossbeam-epoch v0.9.21
[1m[92m  Downloaded[0m tinytemplate v1.2.1
[1m[92m  Downloaded[0m web_atoms v0.2.6
[1m[92m  Downloaded[0m tendril v0.5.1
[1m[92m  Downloaded[0m crossbeam-utils v0.8.23
[1m[92m  Downloaded[0m log v0.4.34
[1m[92m  Downloaded[0m serde_derive v1.0.229
[1m[92m  Downloaded[0m serde v1.0.229
[1m[92m  Downloaded[0m walkdir v2.5.0
[1m[92m  Downloaded[0m xml5ever v0.39.0
[1m[92m  Downloaded[0m tl v0.7.8
[1m[92m  Downloaded[0m zerocopy-derive v0.8.57
[1m[92m  Downloaded[0m lol_html v3.0.1
[1m[92m  Downloaded[0m clap_builder v4.6.6
[1m[92m  Downloaded[0m aho-corasick v1.1.5
[1m[92m  Downloaded[0m unicode-ident v1.0.24
[1m[92m  Downloaded[0m regex v1.13.1
[1m[92m  Downloaded[0m rayon v1.12.0
[1m[92m  Downloaded[0m syn v3.0.5
[1m[92m  Downloaded[0m syn v2.0.119
[1m[92m  Downloaded[0m gimli v0.32.3
[1m[92m  Downloaded[0m object v0.37.3
[1m[92m  Downloaded[0m zerocopy v0.8.57
[1m[92m  Downloaded[0m regex-syntax v0.8.11
[1m[92m  Downloaded[0m hashbrown v0.17.1
[1m[92m  Downloaded[0m plotters v0.3.7
[1m[92m  Downloaded[0m criterion v0.5.1
[1m[92m  Downloaded[0m itertools v0.10.5
[1m[92m  Downloaded[0m backtrace v0.3.76
[1m[92m  Downloaded[0m derive_more-impl v2.1.1
[1m[92m  Downloaded[0m derive_more v2.1.1
[1m[92m  Downloaded[0m encoding_rs v0.8.41
[1m[92m  Downloaded[0m selectors v0.37.0
[1m[92m  Downloaded[0m rayon-core v1.13.0
[1m[92m  Downloaded[0m proc-macro2 v1.0.107
[1m[92m  Downloaded[0m num-traits v0.2.19
[1m[92m  Downloaded[0m regex-automata v0.4.18
[1m[92m  Downloaded[0m miniz_oxide v0.8.9
[1m[92m  Downloaded[0m html5ever v0.39.0
[1m[92m  Downloaded[0m cssparser v0.36.0
[1m[92m  Downloaded[0m bitflags v2.13.2
[1m[92m  Downloaded[0m allocator-api2 v0.2.21
[1m[92m  Downloaded[0m half v2.7.1
[1m[92m  Downloaded[0m clap v4.6.6
[1m[92m  Downloaded[0m once_cell v1.21.4
[1m[92m  Downloaded[0m thousands v0.2.0
[1m[92m  Downloaded[0m thiserror-impl v2.0.20
[1m[92m  Downloaded[0m semver v1.0.28
[1m[92m  Downloaded[0m parking_lot_core v0.9.12
[1m[92m  Downloaded[0m libc v0.2.189
[1m[92m  Downloaded[0m parking_lot v0.12.5
[1m[92m  Downloaded[0m markup5ever_rcdom v0.39.0+unofficial
[1m[92m  Downloaded[0m fastrand v2.5.0
[1m[92m  Downloaded[0m ciborium v0.2.2
[1m[92m  Downloaded[0m simdutf8 v0.1.5
[1m[92m  Downloaded[0m servo_arc v0.4.3
[1m[92m  Downloaded[0m rustversion v1.0.23
[1m[92m  Downloaded[0m rustc_version v0.4.1
[1m[92m  Downloaded[0m rustc-demangle v0.1.28
[1m[92m  Downloaded[0m quote v1.0.47
[1m[92m  Downloaded[0m phf v0.13.1
[1m[92m  Downloaded[0m multiversion v0.9.0
[1m[92m  Downloaded[0m markup5ever v0.39.0
[1m[92m  Downloaded[0m lock_api v0.4.14
[1m[92m  Downloaded[0m foldhash v0.2.0
[1m[92m  Downloaded[0m string_cache v0.9.0
[1m[92m  Downloaded[0m multiversion-macros v0.9.0
[1m[92m  Downloaded[0m either v1.18.0
[1m[92m  Downloaded[0m dhat v0.3.3
[1m[92m  Downloaded[0m core_detect v1.0.0
[1m[92m  Downloaded[0m autocfg v1.5.1
[1m[92m  Downloaded[0m anstyle v1.0.14
[1m[92m  Downloaded[0m anes v0.1.6
[1m[92m   Compiling[0m proc-macro2 v1.0.107
[1m[92m   Compiling[0m quote v1.0.47
[1m[92m   Compiling[0m unicode-ident v1.0.24
[1m[92m   Compiling[0m siphasher v1.0.3
[1m[92m   Compiling[0m phf_shared v0.13.1
[1m[92m   Compiling[0m fastrand v2.5.0
[1m[92m   Compiling[0m phf_generator v0.13.1
[1m[92m   Compiling[0m syn v2.0.119
[1m[92m   Compiling[0m syn v3.0.5
[1m[92m   Compiling[0m cfg-if v1.0.4
[1m[92m   Compiling[0m serde_core v1.0.229
[1m[92m   Compiling[0m libc v0.2.189
[1m[92m   Compiling[0m smallvec v1.16.1
[1m[92m   Compiling[0m serde v1.0.229
[1m[92m   Compiling[0m serde_derive v1.0.229
[1m[92m   Compiling[0m phf_codegen v0.13.1
[1m[92m   Compiling[0m scopeguard v1.2.0
[1m[92m   Compiling[0m parking_lot_core v0.9.12
[1m[92m   Compiling[0m phf_macros v0.13.1
[1m[92m   Compiling[0m new_debug_unreachable v1.0.6
[1m[92m   Compiling[0m phf v0.13.1
[1m[92m   Compiling[0m lock_api v0.4.14
[1m[92m   Compiling[0m precomputed-hash v0.1.1
[1m[92m   Compiling[0m rustversion v1.0.23
[1m[92m   Compiling[0m parking_lot v0.12.5
[1m[92m   Compiling[0m string_cache_codegen v0.6.1
[1m[92m   Compiling[0m memchr v2.8.3
[1m[92m   Compiling[0m itoa v1.0.18
[1m[92m   Compiling[0m crossbeam-utils v0.8.23
[1m[92m   Compiling[0m web_atoms v0.2.6
[1m[92m   Compiling[0m crossbeam-epoch v0.9.21
[1m[92m   Compiling[0m log v0.4.34
[1m[92m   Compiling[0m zerocopy v0.8.57
[1m[92m   Compiling[0m zmij v1.0.23
[1m[92m   Compiling[0m string_cache v0.9.0
[1m[92m   Compiling[0m zerocopy-derive v0.8.57
[1m[92m   Compiling[0m serde_json v1.0.151
[1m[92m   Compiling[0m autocfg v1.5.1
[1m[92m   Compiling[0m crossbeam-deque v0.8.8
[1m[92m   Compiling[0m num-traits v0.2.19
[1m[92m   Compiling[0m tendril v0.5.1
[1m[92m   Compiling[0m dtoa v1.0.11
[1m[92m   Compiling[0m object v0.37.3
[1m[92m   Compiling[0m either v1.18.0
[1m[92m   Compiling[0m rayon-core v1.13.0
[1m[92m   Compiling[0m dtoa-short v0.3.5
[1m[92m   Compiling[0m markup5ever v0.39.0
[1m[92m   Compiling[0m half v2.7.1
[1m[92m   Compiling[0m encoding_rs v0.8.41
[1m[92m   Compiling[0m multiversion-macros v0.9.0
[1m[92m   Compiling[0m selectors v0.37.0
[1m[92m   Compiling[0m cssparser-macros v0.6.1
[1m[92m   Compiling[0m derive_more-impl v2.1.1
[1m[92m   Compiling[0m stable_deref_trait v1.2.1
[1m[92m   Compiling[0m ciborium-io v0.2.2
[1m[92m   Compiling[0m anstyle v1.0.14
[1m[92m   Compiling[0m regex-syntax v0.8.11
[1m[92m   Compiling[0m plotters-backend v0.3.7
[1m[92m   Compiling[0m adler2 v2.0.1
[1m[92m   Compiling[0m gimli v0.32.3
[1m[92m   Compiling[0m clap_lex v1.1.0
[1m[92m   Compiling[0m thiserror v2.0.20
[1m[92m   Compiling[0m addr2line v0.25.1
[1m[92m   Compiling[0m clap_builder v4.6.6
[1m[92m   Compiling[0m regex-automata v0.4.18
[1m[92m   Compiling[0m miniz_oxide v0.8.9
[1m[92m   Compiling[0m plotters-svg v0.3.7
[1m[92m   Compiling[0m derive_more v2.1.1
[1m[92m   Compiling[0m ciborium-ll v0.2.2
[1m[92m   Compiling[0m servo_arc v0.4.3
[1m[92m   Compiling[0m multiversion v0.9.0
[1m[92m   Compiling[0m cssparser v0.36.0
[1m[92m   Compiling[0m itertools v0.10.5
[1m[92m   Compiling[0m thiserror-impl v2.0.20
[1m[92m   Compiling[0m multiversion_no_op v1.0.0
[1m[92m   Compiling[0m equivalent v1.0.2
[1m[92m   Compiling[0m core_detect v1.0.0
[1m[92m   Compiling[0m simdutf8 v0.1.5
[1m[92m   Compiling[0m rustc-demangle v0.1.28
[1m[92m   Compiling[0m foldhash v0.2.0
[1m[92m   Compiling[0m cast v0.3.0
[1m[92m   Compiling[0m same-file v1.0.6
[1m[92m   Compiling[0m rustc-hash v2.1.3
[1m[92m   Compiling[0m allocator-api2 v0.2.21
[1m[92m   Compiling[0m bitflags v2.13.2
[1m[92m   Compiling[0m hashbrown v0.17.1
[1m[92m   Compiling[0m walkdir v2.5.0
[1m[92m   Compiling[0m criterion-plot v0.5.0
[1m[92m   Compiling[0m backtrace v0.3.76
[1m[92m   Compiling[0m rayon v1.12.0
[1m[92m   Compiling[0m plotters v0.3.7
[1m[92m   Compiling[0m ciborium v0.2.2
[1m[92m   Compiling[0m regex v1.13.1
[1m[92m   Compiling[0m clap v4.6.6
[1m[92m   Compiling[0m tinytemplate v1.2.1
[1m[92m   Compiling[0m xml5ever v0.39.0
[1m[92m   Compiling[0m html5ever v0.39.0
[1m[92m   Compiling[0m is-terminal v0.4.17
[1m[92m   Compiling[0m lazy_static v1.5.0
[1m[92m   Compiling[0m mime v0.3.17
[1m[92m   Compiling[0m muskitty-dom v0.2.1 (/workspace/crates/muskitty-dom)
[1m[92m   Compiling[0m rustc-hash v1.1.0
[1m[92m   Compiling[0m muskitty-html5-tokenizer v0.1.4 (/workspace/crates/muskitty-html5-tokenizer)
[1m[92m   Compiling[0m oorandom v11.1.5
[1m[92m   Compiling[0m once_cell v1.21.4
[1m[92m   Compiling[0m mintex v0.1.4
[1m[92m   Compiling[0m anes v0.1.6
[1m[92m   Compiling[0m thousands v0.2.0
[1m[92m   Compiling[0m criterion v0.5.1
[1m[92m   Compiling[0m dhat v0.3.3
[1m[92m   Compiling[0m muskitty-html5-parser v0.2.1 (/workspace/crates/muskitty-html5-parser)
[1m[92m   Compiling[0m markup5ever_rcdom v0.39.0+unofficial
[1m[92m   Compiling[0m lol_html v3.0.1
[1m[92m   Compiling[0m tl v0.7.8
[1m[92m    Finished[0m `test` profile [unoptimized + debuginfo] target(s) in 45.81s
[1m[92m     Running[0m tests/html5lib_tree_construction.rs (target/debug/deps/html5lib_tree_construction-f4def951867b1bac)

running 1 test

═══════════════════════════════════════════════════════════════
 html5lib tree-construction test suite — results
═══════════════════════════════════════════════════════════════
 fixture                                  pass     fail     skip    total
 ─────────────────────────────────────────────────────────────────
 adoption01.dat                             18        0        0       18
 adoption02.dat                              4        0        0        4
 blocks.dat                                 48        0        0       48
 comments01.dat                             16        0        0       16
 doctype01.dat                              37        0        0       37
 domjs-unsafe.dat                           49        0        0       49
 entities01.dat                             75        0        0       75
 entities02.dat                             26        0        0       26
 foreign-fragment.dat                       48       18        0       66
 html5test-com.dat                          30        0        0       30
 inbody01.dat                                4        0        0        4
 isindex.dat                                 4        0        0        4
 main-element.dat                            3        0        0        3
 math.dat                                    8        0        0        8
 menuitem-element.dat                       20        0        0       20
 namespace-sensitivity.dat                   1        0        0        1
 noscript01.dat                             18        0        0       18
 pending-spec-changes-plain-text-unsafe.dat        1        0        0        1
 pending-spec-changes.dat                    3        0        0        3
 plain-text-unsafe.dat                      41        0        0       41
 processing-instructions.dat               124        0        0      124
 quirks01.dat                                4        0        0        4
 ruby.dat                                   21        0        0       21
 scriptdata01.dat                           26        0        0       26
 scripted_adoption01.dat                     0        0        1        1
 scripted_ark.dat                            0        0        1        1
 scripted_foster01.dat                       0        0        2        2
 scripted_webkit01.dat                       0        0        2        2
 search-element.dat                          3        0        0        3
 svg.dat                                     8        0        0        8
 tables01.dat                               19        0        0       19
 template.dat                              113        0        0      113
 tests1.dat                                112        0        0      112
 tests10.dat                                54        0        0       54
 tests11.dat                                13        0        0       13
 tests12.dat                                 2        0        0        2
 tests14.dat                                 7        0        0        7
 tests15.dat                                14        0        0       14
 tests16.dat                               191        0        6      197
 tests17.dat                                13        0        0       13
 tests18.dat                                36        0        0       36
 tests19.dat                               103        0        0      103
 tests2.dat                                 63        0        0       63
 tests20.dat                                64        0        0       64
 tests21.dat                                23        0        0       23
 tests22.dat                                 5        0        0        5
 tests23.dat                                 5        0        0        5
 tests24.dat                                 8        0        0        8
 tests25.dat                                26        0        0       26
 tests26.dat                                20        0        0       20
 tests3.dat                                 24        0        0       24
 tests4.dat                                  9        0        0        9
 tests5.dat                                 16        0        1       17
 tests6.dat                                 52        0        0       52
 tests7.dat                                 34        0        0       34
 tests8.dat                                 10        0        0       10
 tests9.dat                                 27        0        0       27
 tests_innerHTML_1.dat                      80        1        0       81
 tricky01.dat                                9        0        0        9
 void-in-phrasing.dat                       13        0        0       13
 webkit01.dat                               52        0        0       52
 webkit02.dat                               48        0        1       49
 ─────────────────────────────────────────────────────────────────
 TOTAL                                    1905       19       14     1938   (pass rate of non-skipped: 99.0%)

── failure samples (up to 3 per file) ──

[foreign-fragment.dat #3] input: <font></font>X
  diff:
      input:    "<font></font>X"
      expected:
        | <svg font>
        | "X"
      actual:
        | <font>
        | "X"

[foreign-fragment.dat #4] input: <g></path>X
  diff:
      input:    "<g></path>X"
      expected:
        | <svg g>
        |   "X"
      actual:
        | <g>
        |   "X"

[foreign-fragment.dat #19] input: <b></b><mglyph/><i></i><malignmark/><u></u><ms/>X
  diff:
      input:    "<b></b><mglyph/><i></i><malignmark/><u></u><ms/>X"
      expected:
        | <b>
        | <math mglyph>
        | <i>
        | <math malignmark>
        | <u>
        | <ms>
        |   "X"
      actual:
        | <b>
        | <mglyph>
        | <i>
        | <malignmark>
        | <u>
        | <ms>
        |   "X"

[tests_innerHTML_1.dat #76] input: <input><option>
  diff:
      input:    "<input><option>"
      expected:
        | <option>
      actual:
        | <input>
        | <option>

── skip reasons ──
      14  script-on (scripting flag not implemented)
═══════════════════════════════════════════════════════════════

Gap report written to /workspace/crates/muskitty-html5-parser/tests/tree_construction_gap_report.md
PASS RATE: 99.0% (1905/1924) — 14 skipped — harness ran to completion; not asserting a hard threshold yet.
test html5lib_tree_construction_suite ... ok

test result: ok. 1 passed; 0 failed; 0 ignored; 0 measured; 0 filtered out; finished in 0.14s

